
> brewbrain@0.1.0 build
> next build --webpack

Ôľ▓ Next.js 16.2.1 (webpack)
- Environments: .env.local

  Creating an optimized production build ...
Ôťô (serwist) Bundling the service worker script with the URL '/sw.js' and the scope '/'...
Ôťô Compiled successfully in 9.3s
  Running TypeScript ...
node.exe : Failed to type check.
At line:1 char:1
+ & "C:\Program Files\nodejs/node.exe" 
"C:\Program Files\nodejs/node_mo ...
+ ~~~~~~~~~~~~~~~~~~~~~~~~~~~~~~~~~~~~~~~~~~~~~~
~~~~~~~~~~~~~~~~~~~~~~~
    + CategoryInfo          : NotSpecified: (   
 Failed to type check.:String) [], RemoteE    
xception
    + FullyQualifiedErrorId : NativeCommandEr   
 ror
 

./src/app/(app)/batches/[id]/page.tsx:142:37
Type error: Type '(formData: FormData) => 
Promise<ActionResult>' is not assignable to 
type 'string | ((formData: FormData) => void | 
Promise<void>) | undefined'.
  Type '(formData: FormData) => 
Promise<ActionResult>' is not assignable to 
type '(formData: FormData) => void | 
Promise<void>'.
    Type 'Promise<ActionResult>' is not 
assignable to type 'void | Promise<void>'.
      Type 'Promise<ActionResult>' is not 
assignable to type 'Promise<void>'.
        Type 'ActionResult' is not assignable 
to type 'void'.
          Type '{ success: false; data?: 
undefined; error: string; }' is not assignable 
to type 'void'.

  [90m140 |[0m             
<[33mCardContent[0m 
className=[32m"space-y-2"[0m>
  [90m141 |[0m               
{[33mBATCH_STATUSES[0m.map((s) => (
[31m[1m>[0m [90m142 |[0m                 
<form key={s.value} action={updateBatchStatus}>
  [90m    |[0m                                
     [31m[1m^[0m
  [90m143 |[0m                   <input 
[36mtype[0m=[32m"hidden"[0m 
name=[32m"batchId"[0m value={batch.id} />
  [90m144 |[0m                   <input 
[36mtype[0m=[32m"hidden"[0m 
name=[32m"status"[0m value={s.value} />
  [90m145 |[0m                   
<[33mButton[0m
Next.js build worker exited with code: 1 and 
signal: null
